// Vitest Snapshot v1, https://vitest.dev/guide/snapshot.html

exports[`DDGS tool catalog entry matches snapshot 1`] = `
Object {
  "auth": Object {
    "type": "none",
  },
  "category": "search",
  "description": "Free, keyless search via DuckDuckGo (ddgs). Supports web, news, and Wikipedia-only queries.",
  "id": "tool:ddgs.search",
  "name": "DuckDuckGo Search",
  "parameters": Array [
    Object {
      "default": "",
      "description": "Search query",
      "name": "query",
      "scope": "AgentOverride",
      "type": "string",
    },
    Object {
      "default": "web",
      "description": "Search vertical. 'wikipedia' is implemented via site:wikipedia.org filter on web.",
      "enum": Array [
        "web",
        "news",
        "wikipedia",
      ],
      "name": "vertical",
      "scope": "AgentOverride",
      "type": "enum",
    },
    Object {
      "default": 5,
      "description": "Maximum number of results to return.",
      "max": 50,
      "min": 1,
      "name": "maxResults",
      "scope": "AgentOverride",
      "type": "number",
    },
    Object {
      "default": "moderate",
      "description": "Content filtering level.",
      "enum": Array [
        "off",
        "moderate",
        "strict",
      ],
      "name": "safesearch",
      "scope": "AgentOverride",
      "type": "enum",
    },
    Object {
      "default": "us-en",
      "description": "Region/language targeting (DDG region code).",
      "enum": Array [
        "us-en",
        "uk-en",
        "wt-wt",
        "de-de",
        "fr-fr",
        "es-es",
        "it-it",
        "nl-nl",
        "in-en",
        "jp-jp",
      ],
      "name": "region",
      "scope": "OrgLocked",
      "type": "enum",
    },
    Object {
      "default": "",
      "description": "Freshness filter: d=day, w=week, m=month, y=year; empty means no limit.",
      "enum": Array [
        "",
        "d",
        "w",
        "m",
        "y",
      ],
      "name": "timeLimit",
      "scope": "AgentOverride",
      "type": "enum",
    },
    Object {
      "default": Array [],
      "description": "Restrict search to these hostnames (e.g., ['reuters.com','apnews.com']).",
      "name": "siteFilter",
      "scope": "AgentOverride",
      "type": "array<string>",
    },
    Object {
      "default": Array [],
      "description": "Discard results that do not include these terms in title/snippet.",
      "name": "mustInclude",
      "scope": "AgentOverride",
      "type": "array<string>",
    },
  ],
  "status": "active",
  "transport": Object {
    "kind": "engine",
    "toolId": "tool:ddgs.search",
  },
  "version": "0.1.0",
}
`;

